****************************************
Report : timing
	-path_type full
	-delay_type max
	-max_paths 1
	-sort_by slack
Design : top
Version: T-2022.03-SP5
Date   : Sun Feb 23 21:28:00 2025
****************************************


  Startpoint: A[15] (input port clocked by clk)
  Endpoint: O[15] (output port clocked by clk)
  Path Group: clk
  Path Type: max

  Point                                    Incr       Path
  ---------------------------------------------------------------
  clock clk (rise edge)                   0.000      0.000
  clock network delay (ideal)             0.000      0.000
  input external delay                    0.000      0.000 r
  A[15] (in)                              0.000      0.000 r
  U34/Y (XOR2xp5r_ASAP7_6t_R)            20.942     20.942 r
  U29/Y (XNOR2xp5f_ASAP7_6t_R)           21.585     42.527 r
  O[15] (out)                             0.000     42.527 r
  data arrival time                                 42.527

  clock clk (rise edge)                   0.000      0.000
  clock network delay (ideal)             0.000      0.000
  clock reconvergence pessimism           0.000      0.000
  output external delay                   0.000      0.000
  data required time                                 0.000
  ---------------------------------------------------------------
  data required time                                 0.000
  data arrival time                                -42.527
  ---------------------------------------------------------------
  slack (VIOLATED)                                 -42.527


1
