****************************************
Report : timing
	-path_type full
	-delay_type max
	-max_paths 1
	-sort_by slack
Design : top
Version: T-2022.03-SP5
Date   : Mon Feb 24 15:19:58 2025
****************************************


  Startpoint: B[6] (input port clocked by clk)
  Endpoint: O[15] (output port clocked by clk)
  Path Group: clk
  Path Type: max

  Point                                    Incr       Path
  ---------------------------------------------------------------
  clock clk (rise edge)                   0.000      0.000
  clock network delay (ideal)             0.000      0.000
  input external delay                    0.000      0.000 f
  B[6] (in)                               0.000      0.000 f
  U16/ZN (OR2_X1)                         0.059      0.059 f
  intadd_0_U10/CO (FA_X1)                 0.091      0.150 f
  intadd_0_U9/CO (FA_X1)                  0.093      0.243 f
  intadd_0_U8/CO (FA_X1)                  0.093      0.336 f
  intadd_0_U7/CO (FA_X1)                  0.093      0.429 f
  intadd_0_U6/CO (FA_X1)                  0.093      0.522 f
  intadd_0_U5/CO (FA_X1)                  0.093      0.615 f
  intadd_0_U4/CO (FA_X1)                  0.093      0.708 f
  intadd_0_U3/CO (FA_X1)                  0.093      0.801 f
  intadd_0_U2/S (FA_X1)                   0.128      0.928 r
  O[15] (out)                             0.002      0.930 r
  data arrival time                                  0.930

  clock clk (rise edge)                   2.000      2.000
  clock network delay (ideal)             0.000      2.000
  clock reconvergence pessimism           0.000      2.000
  output external delay                   0.000      2.000
  data required time                                 2.000
  ---------------------------------------------------------------
  data required time                                 2.000
  data arrival time                                 -0.930
  ---------------------------------------------------------------
  slack (MET)                                        1.070


1
