****************************************
Report : timing
	-path_type full
	-delay_type max
	-max_paths 1
	-sort_by slack
Design : top
Version: T-2022.03-SP5
Date   : Mon Feb 24 15:26:32 2025
****************************************


  Startpoint: A[4] (input port clocked by clk)
  Endpoint: O[14] (output port clocked by clk)
  Path Group: clk
  Path Type: max

  Point                                    Incr       Path
  ---------------------------------------------------------------
  clock clk (rise edge)                   0.000      0.000
  clock network delay (ideal)             0.000      0.000
  input external delay                    0.000      0.000 r
  A[4] (in)                               0.000      0.000 r
  U55/ZN (NAND2_X1)                       0.004      0.004 f
  U57/Z (XOR2_X1)                         0.011      0.015 f
  U69/Z (XOR2_X1)                         0.011      0.026 f
  U79/CO (FA_X1)                          0.015      0.042 f
  U77/CO (FA_X1)                          0.013      0.054 f
  U71/ZN (INV_X1)                         0.003      0.058 r
  U73/ZN (OAI21_X1)                       0.004      0.062 f
  U74/Z (XOR2_X1)                         0.012      0.073 f
  intadd_0_U2/CO (FA_X1)                  0.015      0.088 f
  U83/ZN (NAND3_X1)                       0.004      0.092 r
  U84/ZN (OAI21_X1)                       0.005      0.097 f
  U85/Z (XOR2_X1)                         0.011      0.107 f
  O[14] (out)                             0.000      0.107 f
  data arrival time                                  0.107

  clock clk (rise edge)                   1.430      1.430
  clock network delay (ideal)             0.000      1.430
  clock reconvergence pessimism           0.000      1.430
  output external delay                   0.000      1.430
  data required time                                 1.430
  ---------------------------------------------------------------
  data required time                                 1.430
  data arrival time                                 -0.107
  ---------------------------------------------------------------
  slack (MET)                                        1.323


1
