****************************************
Report : timing
	-path_type full
	-delay_type max
	-max_paths 1
	-sort_by slack
Design : top
Version: T-2022.03-SP5
Date   : Sun Feb 23 21:23:19 2025
****************************************


  Startpoint: A[5] (input port clocked by clk)
  Endpoint: O[14] (output port clocked by clk)
  Path Group: clk
  Path Type: max

  Point                                    Incr       Path
  ---------------------------------------------------------------
  clock clk (rise edge)                   0.000      0.000
  clock network delay (ideal)             0.000      0.000
  input external delay                    0.000      0.000 r
  A[5] (in)                               0.000      0.000 r
  U99/ZN (NAND2_X2)                       0.010      0.010 f
  U87/ZN (XNOR2_X1)                       0.026      0.035 f
  U81/ZN (XNOR2_X1)                       0.029      0.064 f
  U80/ZN (AOI21_X2)                       0.024      0.089 r
  U92/ZN (AOI21_X2)                       0.018      0.107 f
  U119/ZN (XNOR2_X1)                      0.028      0.135 f
  U105/ZN (NOR2_X1)                       0.021      0.156 r
  U110/ZN (INV_X1)                        0.011      0.167 f
  U109/ZN (NAND3_X1)                      0.010      0.177 r
  U153/ZN (NAND3_X1)                      0.018      0.195 f
  O[14] (out)                             0.000      0.195 f
  data arrival time                                  0.195

  clock clk (rise edge)                   0.000      0.000
  clock network delay (ideal)             0.000      0.000
  clock reconvergence pessimism           0.000      0.000
  output external delay                   0.000      0.000
  data required time                                 0.000
  ---------------------------------------------------------------
  data required time                                 0.000
  data arrival time                                 -0.195
  ---------------------------------------------------------------
  slack (VIOLATED)                                  -0.195


1
