****************************************
Report : timing
	-path_type full
	-delay_type max
	-max_paths 1
	-sort_by slack
Design : top
Version: T-2022.03-SP5
Date   : Mon Feb 24 16:30:27 2025
****************************************


  Startpoint: A[4] (input port clocked by clk)
  Endpoint: O[14] (output port clocked by clk)
  Path Group: clk
  Path Type: max

  Point                                    Incr       Path
  ---------------------------------------------------------------
  clock clk (rise edge)                   0.000      0.000
  clock network delay (ideal)             0.000      0.000
  input external delay                    0.000      0.000 f
  A[4] (in)                               0.000      0.000 f
  U58/Y (NAND2xp5_ASAP7_6t_R)            21.744     21.744 r
  U84/Y (MAJIxp5_ASAP7_6t_R)             30.081     51.825 f
  U85/Y (MAJIxp5_ASAP7_6t_R)             37.871     89.696 r
  U88/Y (MAJIxp5_ASAP7_6t_R)             27.856    117.551 f
  U89/Y (MAJIxp5_ASAP7_6t_R)             37.542    155.094 r
  U92/Y (MAJIxp5_ASAP7_6t_R)             27.831    182.925 f
  U93/Y (MAJIxp5_ASAP7_6t_R)             37.542    220.467 r
  U96/Y (MAJIxp5_ASAP7_6t_R)             27.831    248.299 f
  U97/Y (MAJIxp5_ASAP7_6t_R)             37.542    285.841 r
  U100/Y (MAJIxp5_ASAP7_6t_R)            27.831    313.672 f
  U113/Y (INVxp5_ASAP7_6t_R)             17.080    330.753 r
  U78/Y (AOI22xp25_ASAP7_6t_R)           26.763    357.516 f
  U77/Y (XNOR2xp5_ASAP7_6t_R)            31.882    389.398 f
  O[14] (out)                             0.000    389.398 f
  data arrival time                                389.398

  clock clk (rise edge)                 955.000    955.000
  clock network delay (ideal)             0.000    955.000
  clock reconvergence pessimism           0.000    955.000
  output external delay                   0.000    955.000
  data required time                               955.000
  ---------------------------------------------------------------
  data required time                               955.000
  data arrival time                               -389.398
  ---------------------------------------------------------------
  slack (MET)                                      565.602


1
