****************************************
Report : timing
	-path_type full
	-delay_type max
	-max_paths 1
	-sort_by slack
Design : top
Version: T-2022.03-SP5
Date   : Sun Feb 23 20:51:39 2025
****************************************


  Startpoint: B[3] (input port clocked by clk)
  Endpoint: O[7] (output port clocked by clk)
  Path Group: clk
  Path Type: max

  Point                                    Incr       Path
  ---------------------------------------------------------------
  clock clk (rise edge)                   0.000      0.000
  clock network delay (ideal)             0.000      0.000
  input external delay                    0.000      0.000 f
  B[3] (in)                               0.000      0.000 f
  U30/ZN (INV_X12)                        0.003      0.003 r
  U29/ZN (NAND2_X2)                       0.011      0.015 f
  U38/ZN (AOI22_X2)                       0.015      0.030 r
  U27/ZN (OAI21_X2)                       0.021      0.051 f
  U17/ZN (AOI21_X1)                       0.019      0.070 r
  U86/ZN (XNOR2_X1)                       0.025      0.094 r
  O[7] (out)                              0.000      0.094 r
  data arrival time                                  0.094

  clock clk (rise edge)                   0.000      0.000
  clock network delay (ideal)             0.000      0.000
  clock reconvergence pessimism           0.000      0.000
  output external delay                   0.000      0.000
  data required time                                 0.000
  ---------------------------------------------------------------
  data required time                                 0.000
  data arrival time                                 -0.094
  ---------------------------------------------------------------
  slack (VIOLATED)                                  -0.094


1
