****************************************
Report : timing
	-path_type full
	-delay_type max
	-max_paths 1
	-sort_by slack
Design : top
Version: T-2022.03-SP5
Date   : Sun Feb 23 21:22:27 2025
****************************************


  Startpoint: A[15] (input port clocked by clk)
  Endpoint: O[16] (output port clocked by clk)
  Path Group: clk
  Path Type: max

  Point                                    Incr       Path
  ---------------------------------------------------------------
  clock clk (rise edge)                   0.000      0.000
  clock network delay (ideal)             0.000      0.000
  input external delay                    0.000      0.000 r
  A[15] (in)                              0.000      0.000 r
  U41/Y (XOR2xp5r_ASAP7_6t_R)            17.961     17.961 r
  U55/Y (NAND2xp5R_ASAP7_6t_R)           14.038     31.999 f
  U56/Y (AOI211xp5_ASAP7_6t_R)           17.451     49.450 r
  U57/Y (INVx1_ASAP7_6t_R)                9.420     58.870 f
  U46/Y (OAI21xp25_ASAP7_6t_R)            6.645     65.515 r
  O[16] (out)                             0.000     65.515 r
  data arrival time                                 65.515

  clock clk (rise edge)                   0.000      0.000
  clock network delay (ideal)             0.000      0.000
  clock reconvergence pessimism           0.000      0.000
  output external delay                   0.000      0.000
  data required time                                 0.000
  ---------------------------------------------------------------
  data required time                                 0.000
  data arrival time                                -65.515
  ---------------------------------------------------------------
  slack (VIOLATED)                                 -65.515


1
