****************************************
Report : timing
	-path_type full
	-delay_type max
	-max_paths 1
	-sort_by slack
Design : top
Version: T-2022.03-SP5
Date   : Tue Feb 25 06:53:16 2025
****************************************


  Startpoint: B[6] (input port clocked by clk)
  Endpoint: O[14] (output port clocked by clk)
  Path Group: clk
  Path Type: max

  Point                                    Incr       Path
  ---------------------------------------------------------------
  clock clk (rise edge)                   0.000      0.000
  clock network delay (ideal)             0.000      0.000
  input external delay                    0.000      0.000 f
  B[6] (in)                               0.000      0.000 f
  U350/Y (NAND2X0_RVT)                    0.017      0.017 r
  U230/Y (OR2X1_RVT)                      0.017      0.035 r
  U210/Y (INVX1_RVT)                      0.018      0.052 f
  U160/CO (FADDX2_RVT)                    0.039      0.091 f
  U450/Y (INVX0_RVT)                      0.017      0.109 r
  U155/Y (AO22X1_RVT)                     0.014      0.122 r
  U200/Y (MUX21X1_RVT)                    0.010      0.132 r
  U403/Y (XNOR2X2_RVT)                    0.034      0.166 r
  U245/Y (XOR3X2_RVT)                     0.024      0.190 f
  U223/Y (NOR2X0_RVT)                     0.016      0.206 r
  U222/Y (OR2X2_RVT)                      0.016      0.221 r
  U240/Y (XNOR2X2_RVT)                    0.039      0.260 r
  U256/Y (OR2X1_RVT)                      0.016      0.276 r
  U362/Y (NAND2X0_RVT)                    0.011      0.287 f
  U471/Y (AO21X1_RVT)                     0.012      0.299 f
  U470/Y (NOR2X0_RVT)                     0.014      0.313 r
  U338/Y (NOR3X0_RVT)                     0.015      0.329 f
  U473/Y (OA21X1_RVT)                     0.012      0.341 f
  U153/Y (XOR2X2_RVT)                     0.029      0.370 r
  O[14] (out)                             0.000      0.370 r
  data arrival time                                  0.370

  clock clk (rise edge)                   1.430      1.430
  clock network delay (ideal)             0.000      1.430
  clock reconvergence pessimism           0.000      1.430
  output external delay                   0.000      1.430
  data required time                                 1.430
  ---------------------------------------------------------------
  data required time                                 1.430
  data arrival time                                 -0.370
  ---------------------------------------------------------------
  slack (MET)                                        1.060


1
