****************************************
Report : timing
	-path_type full
	-delay_type max
	-max_paths 1
	-sort_by slack
Design : top
Version: T-2022.03-SP5
Date   : Mon Feb 24 16:29:08 2025
****************************************


  Startpoint: A[0] (input port clocked by clk)
  Endpoint: O[6] (output port clocked by clk)
  Path Group: clk
  Path Type: max

  Point                                    Incr       Path
  ---------------------------------------------------------------
  clock clk (rise edge)                   0.000      0.000
  clock network delay (ideal)             0.000      0.000
  input external delay                    0.000      0.000 f
  A[0] (in)                               0.000      0.000 f
  U37/Y (NAND2xp5_ASAP7_6t_R)            26.508     26.508 r
  U55/Y (MAJIxp5_ASAP7_6t_R)             31.961     58.470 f
  U58/Y (MAJIxp5_ASAP7_6t_R)             38.324     96.793 r
  U61/Y (MAJIxp5_ASAP7_6t_R)             27.889    124.683 f
  U62/Y (MAJIxp5_ASAP7_6t_R)             37.542    162.225 r
  U65/Y (MAJIxp5_ASAP7_6t_R)             27.831    190.056 f
  U66/Y (INVxp5_ASAP7_6t_R)              17.080    207.137 r
  U49/Y (AOI22xp25_ASAP7_6t_R)           26.763    233.900 f
  U48/Y (XNOR2xp5_ASAP7_6t_R)            31.882    265.782 f
  O[6] (out)                              0.000    265.782 f
  data arrival time                                265.782

  clock clk (rise edge)                 955.000    955.000
  clock network delay (ideal)             0.000    955.000
  clock reconvergence pessimism           0.000    955.000
  output external delay                   0.000    955.000
  data required time                               955.000
  ---------------------------------------------------------------
  data required time                               955.000
  data arrival time                               -265.782
  ---------------------------------------------------------------
  slack (MET)                                      689.218


1
