****************************************
Report : timing
	-path_type full
	-delay_type max
	-max_paths 1
	-sort_by slack
Design : top
Version: T-2022.03-SP5
Date   : Sun Feb 23 21:01:49 2025
****************************************


  Startpoint: B[4] (input port clocked by clk)
  Endpoint: O[7] (output port clocked by clk)
  Path Group: clk
  Path Type: max

  Point                                    Incr       Path
  ---------------------------------------------------------------
  clock clk (rise edge)                   0.000      0.000
  clock network delay (ideal)             0.000      0.000
  input external delay                    0.000      0.000 r
  B[4] (in)                               0.000      0.000 r
  U23/ZN (AND2_X2)                        0.048      0.048 r
  U21/ZN (NAND2_X1)                       0.032      0.080 f
  U42/ZN (OR2_X1)                         0.055      0.135 f
  U44/ZN (OAI211_X1)                      0.038      0.173 r
  U46/ZN (XNOR2_X1)                       0.059      0.232 r
  O[7] (out)                              0.002      0.234 r
  data arrival time                                  0.234

  clock clk (rise edge)                   0.000      0.000
  clock network delay (ideal)             0.000      0.000
  clock reconvergence pessimism           0.000      0.000
  output external delay                   0.000      0.000
  data required time                                 0.000
  ---------------------------------------------------------------
  data required time                                 0.000
  data arrival time                                 -0.234
  ---------------------------------------------------------------
  slack (VIOLATED)                                  -0.234


1
