****************************************
Report : timing
	-path_type full
	-delay_type max
	-max_paths 1
	-sort_by slack
Design : top
Version: T-2022.03-SP5
Date   : Mon Feb 24 15:15:56 2025
****************************************


  Startpoint: B[7] (input port clocked by clk)
  Endpoint: O[14] (output port clocked by clk)
  Path Group: clk
  Path Type: max

  Point                                    Incr       Path
  ---------------------------------------------------------------
  clock clk (rise edge)                   0.000      0.000
  clock network delay (ideal)             0.000      0.000
  input external delay                    0.000      0.000 f
  B[7] (in)                               0.000      0.000 f
  U174/ZN (INV_X1)                        0.006      0.006 r
  U190/ZN (NOR2_X1)                       0.005      0.011 f
  U191/ZN (XNOR2_X1)                      0.008      0.019 f
  intadd_1_U7/S (FA_X1)                   0.019      0.038 f
  intadd_2_U6/S (FA_X1)                   0.021      0.059 r
  intadd_3_U5/S (FA_X1)                   0.018      0.077 f
  intadd_4_U4/S (FA_X1)                   0.021      0.098 r
  intadd_0_U8/S (FA_X1)                   0.018      0.115 f
  intadd_5_U2/CO (FA_X1)                  0.015      0.130 f
  U164/ZN (AND2_X1)                       0.006      0.137 f
  intadd_0_U6/CO (FA_X1)                  0.014      0.151 f
  intadd_0_U5/CO (FA_X1)                  0.013      0.164 f
  intadd_0_U4/CO (FA_X1)                  0.013      0.177 f
  intadd_0_U3/CO (FA_X1)                  0.013      0.189 f
  intadd_0_U2/CO (FA_X1)                  0.013      0.203 f
  U259/Z (XOR2_X1)                        0.010      0.213 f
  O[14] (out)                             0.000      0.213 f
  data arrival time                                  0.213

  clock clk (rise edge)                   1.430      1.430
  clock network delay (ideal)             0.000      1.430
  clock reconvergence pessimism           0.000      1.430
  output external delay                   0.000      1.430
  data required time                                 1.430
  ---------------------------------------------------------------
  data required time                                 1.430
  data arrival time                                 -0.213
  ---------------------------------------------------------------
  slack (MET)                                        1.217


1
