****************************************
Report : timing
	-path_type full
	-delay_type max
	-max_paths 1
	-sort_by slack
Design : top
Version: T-2022.03-SP5
Date   : Sun Feb 23 21:04:50 2025
****************************************


  Startpoint: A[6] (input port clocked by clk)
  Endpoint: O[7] (output port clocked by clk)
  Path Group: clk
  Path Type: max

  Point                                    Incr       Path
  ---------------------------------------------------------------
  clock clk (rise edge)                   0.000      0.000
  clock network delay (ideal)             0.000      0.000
  input external delay                    0.000      0.000 r
  A[6] (in)                               0.000      0.000 r
  U38/ZN (NOR2_X2)                        0.006      0.006 f
  U37/ZN (NOR3_X2)                        0.024      0.030 r
  U31/ZN (AOI21_X2)                       0.016      0.046 f
  U56/ZN (XNOR2_X1)                       0.022      0.068 f
  O[7] (out)                              0.000      0.068 f
  data arrival time                                  0.068

  clock clk (rise edge)                   0.000      0.000
  clock network delay (ideal)             0.000      0.000
  clock reconvergence pessimism           0.000      0.000
  output external delay                   0.000      0.000
  data required time                                 0.000
  ---------------------------------------------------------------
  data required time                                 0.000
  data arrival time                                 -0.068
  ---------------------------------------------------------------
  slack (VIOLATED)                                  -0.068


1
