****************************************
Report : timing
	-path_type full
	-delay_type max
	-max_paths 1
	-sort_by slack
Design : top
Version: T-2022.03-SP5
Date   : Mon Feb 24 16:34:18 2025
****************************************


  Startpoint: B[15] (input port clocked by clk)
  Endpoint: O[16] (output port clocked by clk)
  Path Group: clk
  Path Type: max

  Point                                    Incr       Path
  ---------------------------------------------------------------
  clock clk (rise edge)                   0.000      0.000
  clock network delay (ideal)             0.000      0.000
  input external delay                    0.000      0.000 f
  B[15] (in)                              0.000      0.000 f
  U9/Y (OAI21xp25_ASAP7_6t_R)            21.833     21.833 r
  U12/Y (INVxp5_ASAP7_6t_R)              17.341     39.174 f
  U14/Y (AO21x1_ASAP7_6t_R)              22.887     62.061 f
  O[16] (out)                             0.000     62.061 f
  data arrival time                                 62.061

  clock clk (rise edge)                 955.000    955.000
  clock network delay (ideal)             0.000    955.000
  clock reconvergence pessimism           0.000    955.000
  output external delay                   0.000    955.000
  data required time                               955.000
  ---------------------------------------------------------------
  data required time                               955.000
  data arrival time                                -62.061
  ---------------------------------------------------------------
  slack (MET)                                      892.939


1
