****************************************
Report : timing
	-path_type full
	-delay_type max
	-max_paths 1
	-sort_by slack
Design : top
Version: T-2022.03-SP5
Date   : Tue Feb 25 06:51:05 2025
****************************************


  Startpoint: B[4] (input port clocked by clk)
  Endpoint: O[16] (output port clocked by clk)
  Path Group: clk
  Path Type: max

  Point                                    Incr       Path
  ---------------------------------------------------------------
  clock clk (rise edge)                   0.000      0.000
  clock network delay (ideal)             0.000      0.000
  input external delay                    0.000      0.000 r
  B[4] (in)                               0.000      0.000 r
  U32/Y (INVX1_RVT)                       0.020      0.020 f
  U25/Y (OR2X1_RVT)                       0.014      0.034 f
  U23/Y (INVX1_RVT)                       0.018      0.052 r
  U29/Y (AO22X1_RVT)                      0.012      0.064 r
  U28/Y (AO21X1_RVT)                      0.012      0.077 r
  intadd_0_U11/CO (FADDX1_RVT)            0.027      0.104 r
  intadd_0_U10/CO (FADDX1_RVT)            0.027      0.131 r
  intadd_0_U9/CO (FADDX1_RVT)             0.027      0.158 r
  intadd_0_U8/CO (FADDX1_RVT)             0.027      0.185 r
  intadd_0_U7/CO (FADDX1_RVT)             0.027      0.212 r
  intadd_0_U6/CO (FADDX1_RVT)             0.027      0.239 r
  intadd_0_U5/CO (FADDX1_RVT)             0.027      0.267 r
  intadd_0_U4/CO (FADDX1_RVT)             0.027      0.294 r
  intadd_0_U3/CO (FADDX1_RVT)             0.027      0.321 r
  U34/CO (FADDX1_RVT)                     0.031      0.352 r
  O[16] (out)                             0.004      0.355 r
  data arrival time                                  0.355

  clock clk (rise edge)                   1.430      1.430
  clock network delay (ideal)             0.000      1.430
  clock reconvergence pessimism           0.000      1.430
  output external delay                   0.000      1.430
  data required time                                 1.430
  ---------------------------------------------------------------
  data required time                                 1.430
  data arrival time                                 -0.355
  ---------------------------------------------------------------
  slack (MET)                                        1.075


1
