****************************************
Report : timing
	-path_type full
	-delay_type max
	-max_paths 1
	-sort_by slack
Design : top
Version: T-2022.03-SP5
Date   : Tue Feb 25 06:53:10 2025
****************************************


  Startpoint: A[3] (input port clocked by clk)
  Endpoint: O[7] (output port clocked by clk)
  Path Group: clk
  Path Type: max

  Point                                    Incr       Path
  ---------------------------------------------------------------
  clock clk (rise edge)                   0.000      0.000
  clock network delay (ideal)             0.000      0.000
  input external delay                    0.000      0.000 r
  A[3] (in)                               0.000      0.000 r
  U12/Y (NAND2X0_RVT)                     0.014      0.014 f
  U13/Y (INVX1_RVT)                       0.021      0.034 r
  intadd_0_U5/CO (FADDX1_RVT)             0.027      0.061 r
  intadd_0_U4/CO (FADDX1_RVT)             0.027      0.089 r
  intadd_0_U3/CO (FADDX1_RVT)             0.027      0.116 r
  intadd_0_U2/S (FADDX1_RVT)              0.027      0.143 r
  O[7] (out)                              0.004      0.147 r
  data arrival time                                  0.147

  clock clk (rise edge)                   1.430      1.430
  clock network delay (ideal)             0.000      1.430
  clock reconvergence pessimism           0.000      1.430
  output external delay                   0.000      1.430
  data required time                                 1.430
  ---------------------------------------------------------------
  data required time                                 1.430
  data arrival time                                 -0.147
  ---------------------------------------------------------------
  slack (MET)                                        1.283


1
