****************************************
Report : timing
	-path_type full
	-delay_type max
	-max_paths 1
	-sort_by slack
Design : top
Version: T-2022.03-SP5
Date   : Sun Feb 23 20:52:08 2025
****************************************


  Startpoint: B[5] (input port clocked by clk)
  Endpoint: O[9] (output port clocked by clk)
  Path Group: clk
  Path Type: max

  Point                                    Incr       Path
  ---------------------------------------------------------------
  clock clk (rise edge)                   0.000      0.000
  clock network delay (ideal)             0.000      0.000
  input external delay                    0.000      0.000 f
  B[5] (in)                               0.000      0.000 f
  U60/ZN (NOR2_X2)                        0.012      0.012 r
  U64/ZN (OAI21_X2)                       0.015      0.027 f
  U72/ZN (AOI21_X2)                       0.017      0.044 r
  U71/ZN (OAI21_X2)                       0.022      0.066 f
  U44/ZN (NOR2_X1)                        0.023      0.089 r
  U157/ZN (OAI21_X1)                      0.020      0.109 f
  U159/ZN (XNOR2_X1)                      0.024      0.133 f
  O[9] (out)                              0.000      0.133 f
  data arrival time                                  0.133

  clock clk (rise edge)                   0.000      0.000
  clock network delay (ideal)             0.000      0.000
  clock reconvergence pessimism           0.000      0.000
  output external delay                   0.000      0.000
  data required time                                 0.000
  ---------------------------------------------------------------
  data required time                                 0.000
  data arrival time                                 -0.133
  ---------------------------------------------------------------
  slack (VIOLATED)                                  -0.133


1
