****************************************
Report : timing
	-path_type full
	-delay_type max
	-max_paths 1
	-sort_by slack
Design : top
Version: T-2022.03-SP5
Date   : Mon Feb 24 16:33:45 2025
****************************************


  Startpoint: A[7] (input port clocked by clk)
  Endpoint: O[14] (output port clocked by clk)
  Path Group: clk
  Path Type: max

  Point                                    Incr       Path
  ---------------------------------------------------------------
  clock clk (rise edge)                   0.000      0.000
  clock network delay (ideal)             0.000      0.000
  input external delay                    0.000      0.000 f
  A[7] (in)                               0.000      0.000 f
  U9/Y (NAND2xp5_ASAP7_6t_R)             10.702     10.702 r
  U13/Y (INVxp5_ASAP7_6t_R)              12.341     23.044 f
  U14/Y (OA21x1_ASAP7_6t_R)              16.799     39.843 f
  U15/Y (AOI21xp25_ASAP7_6t_R)           10.096     49.939 r
  O[14] (out)                             0.000     49.939 r
  data arrival time                                 49.939

  clock clk (rise edge)                 955.000    955.000
  clock network delay (ideal)             0.000    955.000
  clock reconvergence pessimism           0.000    955.000
  output external delay                   0.000    955.000
  data required time                               955.000
  ---------------------------------------------------------------
  data required time                               955.000
  data arrival time                                -49.939
  ---------------------------------------------------------------
  slack (MET)                                      905.061


1
