****************************************
Report : timing
	-path_type full
	-delay_type max
	-max_paths 1
	-sort_by slack
Design : top
Version: T-2022.03-SP5
Date   : Sun Feb 23 21:29:12 2025
****************************************


  Startpoint: B[14] (input port clocked by clk)
  Endpoint: O[15] (output port clocked by clk)
  Path Group: clk
  Path Type: max

  Point                                    Incr       Path
  ---------------------------------------------------------------
  clock clk (rise edge)                   0.000      0.000
  clock network delay (ideal)             0.000      0.000
  input external delay                    0.000      0.000 f
  B[14] (in)                              0.000      0.000 f
  U25/ZN (NOR2_X2)                        0.012      0.012 r
  U15/ZN (AOI22_X2)                       0.018      0.030 f
  U29/ZN (XNOR2_X1)                       0.023      0.053 f
  O[15] (out)                             0.000      0.053 f
  data arrival time                                  0.053

  clock clk (rise edge)                   0.000      0.000
  clock network delay (ideal)             0.000      0.000
  clock reconvergence pessimism           0.000      0.000
  output external delay                   0.000      0.000
  data required time                                 0.000
  ---------------------------------------------------------------
  data required time                                 0.000
  data arrival time                                 -0.053
  ---------------------------------------------------------------
  slack (VIOLATED)                                  -0.053


1
