****************************************
Report : timing
	-path_type full
	-delay_type max
	-max_paths 1
	-sort_by slack
Design : top
Version: T-2022.03-SP5
Date   : Mon Feb 24 21:14:06 2025
****************************************


  Startpoint: B[6] (input port clocked by clk)
  Endpoint: O[15] (output port clocked by clk)
  Path Group: clk
  Path Type: max

  Point                                                   Incr       Path
  ------------------------------------------------------------------------------
  clock clk (rise edge)                                  0.000      0.000
  clock network delay (ideal)                            0.000      0.000
  input external delay                                   0.000      0.000 r
  B[6] (in)                                              0.000      0.000 r
  U17/X (SAEDRVT14_OR2_MM_1)                             0.020      0.020 r
  intadd_0_U10/CO (SAEDRVT14_ADDF_V1_1)                  0.047      0.067 r
  intadd_0_U9/CO (SAEDRVT14_ADDF_V1_1)                   0.043      0.110 r
  intadd_0_U8/CO (SAEDRVT14_ADDF_V1_1)                   0.043      0.154 r
  intadd_0_U7/CO (SAEDRVT14_ADDF_V1_1)                   0.043      0.197 r
  intadd_0_U6/CO (SAEDRVT14_ADDF_V1_1)                   0.043      0.241 r
  intadd_0_U5/CO (SAEDRVT14_ADDF_V1_1)                   0.043      0.284 r
  intadd_0_U4/CO (SAEDRVT14_ADDF_V1_1)                   0.043      0.327 r
  intadd_0_U3/CO (SAEDRVT14_ADDF_V1_1)                   0.042      0.370 r
  intadd_0_U2/S (SAEDRVT14_ADDF_V1_0P5)                  0.049      0.419 f
  O[15] (out)                                            0.004      0.423 f
  data arrival time                                                 0.423

  clock clk (rise edge)                                  1.065      1.065
  clock network delay (ideal)                            0.000      1.065
  clock reconvergence pessimism                          0.000      1.065
  output external delay                                  0.000      1.065
  data required time                                                1.065
  ------------------------------------------------------------------------------
  data required time                                                1.065
  data arrival time                                                -0.423
  ------------------------------------------------------------------------------
  slack (MET)                                                       0.642


1
