****************************************
Report : timing
	-path_type full
	-delay_type max
	-max_paths 1
	-sort_by slack
Design : top
Version: T-2022.03-SP5
Date   : Mon Feb 24 15:19:34 2025
****************************************


  Startpoint: B[5] (input port clocked by clk)
  Endpoint: O[11] (output port clocked by clk)
  Path Group: clk
  Path Type: max

  Point                                                   Incr       Path
  ------------------------------------------------------------------------------
  clock clk (rise edge)                                  0.000      0.000
  clock network delay (ideal)                            0.000      0.000
  input external delay                                   0.000      0.000 f
  B[5] (in)                                              0.000      0.000 f
  U671/Y (NAND2x2_ASAP7_6t_R)                           15.766     15.766 r
  U601/Y (NOR2x2R_ASAP7_6t_R)                           14.396     30.163 f
  U360/Y (INVx4_ASAP7_6t_R)                             10.060     40.223 r
  U681/Y (AOI21x1_ASAP7_6t_R)                           13.352     53.575 f
  U519/Y (XNOR2xp5f_ASAP7_6t_R)                         25.173     78.748 f
  U518/Y (XNOR2xp5f_ASAP7_6t_R)                         27.752    106.499 f
  U523/Y (OAI21xp5b_ASAP7_6t_R)                         28.299    134.799 r
  U352/Y (XNOR2xp5f_ASAP7_6t_R)                         28.579    163.377 r
  U351/Y (XNOR2xp5f_ASAP7_6t_R)                         26.747    190.124 r
  U579/Y (NOR2xp5_ASAP7_6t_R)                           21.449    211.573 f
  U623/Y (A2O1A1Ixp33_ASAP7_6t_R)                       23.733    235.306 r
  U627/Y (OAI21xp5b_ASAP7_6t_R)                         18.267    253.573 f
  U597/Y (XNOR2xp5f_ASAP7_6t_R)                         25.819    279.392 r
  U564/Y (NAND2xp5R_ASAP7_6t_R)                         18.722    298.114 f
  U563/Y (NAND2xp5R_ASAP7_6t_R)                         14.886    313.000 r
  U476/Y (NAND2xp5R_ASAP7_6t_R)                         17.295    330.295 f
  U475/Y (NAND2xp5R_ASAP7_6t_R)                         15.191    345.486 r
  U743/Y (XNOR2xp5f_ASAP7_6t_R)                         19.185    364.671 r
  O[11] (out)                                            0.000    364.671 r
  data arrival time                                               364.671

  clock clk (rise edge)                                  0.955      0.955
  clock network delay (ideal)                            0.000      0.955
  clock reconvergence pessimism                          0.000      0.955
  output external delay                                  0.000      0.955
  data required time                                                0.955
  ------------------------------------------------------------------------------
  data required time                                                0.955
  data arrival time                                              -364.671
  ------------------------------------------------------------------------------
  slack (VIOLATED)                                               -363.716


1
