****************************************
Report : timing
	-path_type full
	-delay_type max
	-max_paths 1
	-sort_by slack
Design : top
Version: T-2022.03-SP5
Date   : Sun Feb 23 21:13:33 2025
****************************************


  Startpoint: A[10] (input port clocked by clk)
  Endpoint: O[14] (output port clocked by clk)
  Path Group: clk
  Path Type: max

  Point                                    Incr       Path
  ---------------------------------------------------------------
  clock clk (rise edge)                   0.000      0.000
  clock network delay (ideal)             0.000      0.000
  input external delay                    0.000      0.000 f
  A[10] (in)                              0.000      0.000 f
  U52/ZN (INV_X16)                        0.001      0.001 r
  U45/ZN (NAND2_X4)                       0.002      0.003 f
  U40/ZN (AOI21_X4)                       0.005      0.009 r
  U36/ZN (OR2_X4)                         0.005      0.014 r
  U35/ZN (NAND3_X4)                       0.003      0.017 f
  U48/ZN (AOI21_X1)                       0.005      0.022 r
  U59/ZN (XNOR2_X1)                       0.008      0.030 r
  O[14] (out)                             0.000      0.030 r
  data arrival time                                  0.030

  clock clk (rise edge)                   0.000      0.000
  clock network delay (ideal)             0.000      0.000
  clock reconvergence pessimism           0.000      0.000
  output external delay                   0.000      0.000
  data required time                                 0.000
  ---------------------------------------------------------------
  data required time                                 0.000
  data arrival time                                 -0.030
  ---------------------------------------------------------------
  slack (VIOLATED)                                  -0.030


1
