****************************************
Report : timing
	-path_type full
	-delay_type max
	-max_paths 1
	-sort_by slack
Design : top
Version: T-2022.03-SP5
Date   : Mon Feb 24 15:22:27 2025
****************************************


  Startpoint: A[11] (input port clocked by clk)
  Endpoint: O[15] (output port clocked by clk)
  Path Group: clk
  Path Type: max

  Point                                                   Incr       Path
  ------------------------------------------------------------------------------
  clock clk (rise edge)                                  0.000      0.000
  clock network delay (ideal)                            0.000      0.000
  input external delay                                   0.000      0.000 f
  A[11] (in)                                             0.000      0.000 f
  U66/Y (NAND2xp5R_ASAP7_6t_R)                           7.785      7.785 r
  U68/Y (OA21x1_ASAP7_6t_R)                             20.269     28.054 r
  U79/Y (NAND3xp33R_ASAP7_6t_R)                         13.868     41.922 f
  U78/Y (NAND2xp5R_ASAP7_6t_R)                          13.631     55.554 r
  U81/Y (XNOR2xp5f_ASAP7_6t_R)                          18.618     74.171 r
  O[15] (out)                                            0.000     74.171 r
  data arrival time                                                74.171

  clock clk (rise edge)                                  0.955      0.955
  clock network delay (ideal)                            0.000      0.955
  clock reconvergence pessimism                          0.000      0.955
  output external delay                                  0.000      0.955
  data required time                                                0.955
  ------------------------------------------------------------------------------
  data required time                                                0.955
  data arrival time                                               -74.171
  ------------------------------------------------------------------------------
  slack (VIOLATED)                                                -73.216


1
