****************************************
Report : timing
	-path_type full
	-delay_type max
	-max_paths 1
	-sort_by slack
Design : top
Version: T-2022.03-SP5
Date   : Mon Feb 24 15:25:41 2025
****************************************


  Startpoint: A[6] (input port clocked by clk)
  Endpoint: O[7] (output port clocked by clk)
  Path Group: clk
  Path Type: max

  Point                                    Incr       Path
  ---------------------------------------------------------------
  clock clk (rise edge)                   0.000      0.000
  clock network delay (ideal)             0.000      0.000
  input external delay                    0.000      0.000 f
  A[6] (in)                               0.000      0.000 f
  U7/ZN (NOR2_X1)                         0.011      0.011 r
  U10/ZN (INV_X1)                         0.010      0.021 f
  U11/S (FA_X1)                           0.045      0.065 r
  O[7] (out)                              0.000      0.065 r
  data arrival time                                  0.065

  clock clk (rise edge)                   1.065      1.065
  clock network delay (ideal)             0.000      1.065
  clock reconvergence pessimism           0.000      1.065
  output external delay                   0.000      1.065
  data required time                                 1.065
  ---------------------------------------------------------------
  data required time                                 1.065
  data arrival time                                 -0.065
  ---------------------------------------------------------------
  slack (MET)                                        1.000


1
