****************************************
Report : timing
	-path_type full
	-delay_type max
	-max_paths 1
	-sort_by slack
Design : top
Version: T-2022.03-SP5
Date   : Mon Feb 24 21:28:35 2025
****************************************


  Startpoint: A[14] (input port clocked by clk)
  Endpoint: O[1] (output port clocked by clk)
  Path Group: clk
  Path Type: max

  Point                                                   Incr       Path
  ------------------------------------------------------------------------------
  clock clk (rise edge)                                  0.000      0.000
  clock network delay (ideal)                            0.000      0.000
  input external delay                                   0.000      0.000 f
  A[14] (in)                                             0.000      0.000 f
  U15/X (SAEDRVT14_ND2_CDC_0P5)                          0.016      0.016 r
  U16/X (SAEDRVT14_OAI21_0P5)                            0.023      0.039 f
  U17/X (SAEDRVT14_OAI21_0P5)                            0.026      0.066 r
  U18/S (SAEDRVT14_ADDF_V1_0P5)                          0.052      0.117 f
  O[1] (out)                                             0.005      0.122 f
  data arrival time                                                 0.122

  clock clk (rise edge)                                  1.065      1.065
  clock network delay (ideal)                            0.000      1.065
  clock reconvergence pessimism                          0.000      1.065
  output external delay                                  0.000      1.065
  data required time                                                1.065
  ------------------------------------------------------------------------------
  data required time                                                1.065
  data arrival time                                                -0.122
  ------------------------------------------------------------------------------
  slack (MET)                                                       0.943


1
