****************************************
Report : timing
	-path_type full
	-delay_type max
	-max_paths 1
	-sort_by slack
Design : top
Version: T-2022.03-SP5
Date   : Mon Feb 24 16:31:07 2025
****************************************


  Startpoint: B[6] (input port clocked by clk)
  Endpoint: O[0] (output port clocked by clk)
  Path Group: clk
  Path Type: max

  Point                                    Incr       Path
  ---------------------------------------------------------------
  clock clk (rise edge)                   0.000      0.000
  clock network delay (ideal)             0.000      0.000
  input external delay                    0.000      0.000 f
  B[6] (in)                               0.000      0.000 f
  U69/Y (NOR2xp5_ASAP7_6t_R)             23.775     23.775 r
  U72/Y (MAJIxp5_ASAP7_6t_R)             26.984     50.759 f
  U73/Y (MAJIxp5_ASAP7_6t_R)             37.542     88.301 r
  U76/Y (MAJIxp5_ASAP7_6t_R)             27.831    116.133 f
  U77/Y (MAJIxp5_ASAP7_6t_R)             37.542    153.675 r
  U80/Y (MAJIxp5_ASAP7_6t_R)             27.831    181.506 f
  U81/Y (MAJIxp5_ASAP7_6t_R)             37.900    219.406 r
  U84/Y (MAJIxp5_ASAP7_6t_R)             27.858    247.264 f
  U96/Y (INVxp5_ASAP7_6t_R)              17.080    264.344 r
  U65/Y (AOI22xp25_ASAP7_6t_R)           26.763    291.107 f
  U64/Y (XNOR2xp5_ASAP7_6t_R)            31.882    322.989 f
  O[0] (out)                              0.000    322.989 f
  data arrival time                                322.989

  clock clk (rise edge)                 955.000    955.000
  clock network delay (ideal)             0.000    955.000
  clock reconvergence pessimism           0.000    955.000
  output external delay                   0.000    955.000
  data required time                               955.000
  ---------------------------------------------------------------
  data required time                               955.000
  data arrival time                               -322.989
  ---------------------------------------------------------------
  slack (MET)                                      632.011


1
