****************************************
Report : timing
	-path_type full
	-delay_type max
	-max_paths 1
	-sort_by slack
Design : top
Version: T-2022.03-SP5
Date   : Mon Feb 24 21:06:46 2025
****************************************


  Startpoint: A[1] (input port clocked by clk)
  Endpoint: O[7] (output port clocked by clk)
  Path Group: clk
  Path Type: max

  Point                                                   Incr       Path
  ------------------------------------------------------------------------------
  clock clk (rise edge)                                  0.000      0.000
  clock network delay (ideal)                            0.000      0.000
  input external delay                                   0.000      0.000 r
  A[1] (in)                                              0.000      0.000 r
  U10/X (SAEDRVT14_AN2_MM_0P5)                           0.024      0.024 r
  intadd_0_U7/CO (SAEDRVT14_ADDF_V1_0P5)                 0.045      0.069 r
  intadd_0_U6/CO (SAEDRVT14_ADDF_V1_0P5)                 0.042      0.111 r
  intadd_0_U5/CO (SAEDRVT14_ADDF_V1_0P5)                 0.042      0.153 r
  intadd_0_U4/CO (SAEDRVT14_ADDF_V1_0P5)                 0.042      0.194 r
  intadd_0_U3/CO (SAEDRVT14_ADDF_V1_0P5)                 0.042      0.236 r
  intadd_0_U2/S (SAEDRVT14_ADDF_V1_0P5)                  0.050      0.287 f
  O[7] (out)                                             0.004      0.290 f
  data arrival time                                                 0.290

  clock clk (rise edge)                                  1.065      1.065
  clock network delay (ideal)                            0.000      1.065
  clock reconvergence pessimism                          0.000      1.065
  output external delay                                  0.000      1.065
  data required time                                                1.065
  ------------------------------------------------------------------------------
  data required time                                                1.065
  data arrival time                                                -0.290
  ------------------------------------------------------------------------------
  slack (MET)                                                       0.775


1
