****************************************
Report : timing
	-path_type full
	-delay_type max
	-max_paths 1
	-sort_by slack
Design : top
Version: T-2022.03-SP5
Date   : Sun Feb 23 21:12:52 2025
****************************************


  Startpoint: A[5] (input port clocked by clk)
  Endpoint: O[7] (output port clocked by clk)
  Path Group: clk
  Path Type: max

  Point                                    Incr       Path
  ---------------------------------------------------------------
  clock clk (rise edge)                   0.000      0.000
  clock network delay (ideal)             0.000      0.000
  input external delay                    0.000      0.000 f
  A[5] (in)                               0.000      0.000 f
  U20/ZN (INV_X1)                         0.026      0.026 r
  U21/ZN (AND2_X1)                        0.039      0.065 r
  U22/ZN (AND4_X2)                        0.066      0.131 r
  U28/ZN (OAI211_X1)                      0.043      0.174 f
  U32/ZN (NAND2_X1)                       0.039      0.213 r
  U36/ZN (XNOR2_X1)                       0.054      0.267 r
  O[7] (out)                              0.002      0.269 r
  data arrival time                                  0.269

  clock clk (rise edge)                   0.000      0.000
  clock network delay (ideal)             0.000      0.000
  clock reconvergence pessimism           0.000      0.000
  output external delay                   0.000      0.000
  data required time                                 0.000
  ---------------------------------------------------------------
  data required time                                 0.000
  data arrival time                                 -0.269
  ---------------------------------------------------------------
  slack (VIOLATED)                                  -0.269


1
