****************************************
Report : timing
	-path_type full
	-delay_type max
	-max_paths 1
	-sort_by slack
Design : top
Version: T-2022.03-SP5
Date   : Sun Feb 23 21:17:57 2025
****************************************


  Startpoint: B[14] (input port clocked by clk)
  Endpoint: O[15] (output port clocked by clk)
  Path Group: clk
  Path Type: max

  Point                                    Incr       Path
  ---------------------------------------------------------------
  clock clk (rise edge)                   0.000      0.000
  clock network delay (ideal)             0.000      0.000
  input external delay                    0.000      0.000 f
  B[14] (in)                              0.000      0.000 f
  U36/ZN (NOR2_X2)                        0.012      0.012 r
  U52/ZN (OAI21_X2)                       0.015      0.027 f
  U51/ZN (AOI21_X2)                       0.018      0.045 r
  U47/ZN (NAND2_X2)                       0.014      0.059 f
  U46/ZN (XNOR2_X1)                       0.022      0.080 f
  O[15] (out)                             0.000      0.080 f
  data arrival time                                  0.080

  clock clk (rise edge)                   0.000      0.000
  clock network delay (ideal)             0.000      0.000
  clock reconvergence pessimism           0.000      0.000
  output external delay                   0.000      0.000
  data required time                                 0.000
  ---------------------------------------------------------------
  data required time                                 0.000
  data arrival time                                 -0.080
  ---------------------------------------------------------------
  slack (VIOLATED)                                  -0.080


1
