****************************************
Report : timing
	-path_type full
	-delay_type max
	-max_paths 1
	-sort_by slack
Design : top
Version: T-2022.03-SP5
Date   : Mon Feb 24 21:06:54 2025
****************************************


  Startpoint: A[1] (input port clocked by clk)
  Endpoint: O[14] (output port clocked by clk)
  Path Group: clk
  Path Type: max

  Point                                                   Incr       Path
  ------------------------------------------------------------------------------
  clock clk (rise edge)                                  0.000      0.000
  clock network delay (ideal)                            0.000      0.000
  input external delay                                   0.000      0.000 f
  A[1] (in)                                              0.000      0.000 f
  U182/X (SAEDRVT14_ND2_5)                               0.064      0.064 r
  U258/X (SAEDRVT14_EO2_V1_0P75)                         0.026      0.091 f
  intadd_1_U7/S (SAEDRVT14_ADDF_V1_0P5)                  0.063      0.154 r
  intadd_2_U6/S (SAEDRVT14_ADDF_V1_0P5)                  0.059      0.213 f
  intadd_3_U5/S (SAEDRVT14_ADDF_V1_0P5)                  0.061      0.274 r
  intadd_4_U4/S (SAEDRVT14_ADDF_V1_0P5)                  0.059      0.333 f
  intadd_0_U8/S (SAEDRVT14_ADDF_V1_0P5)                  0.061      0.394 r
  intadd_5_U2/CO (SAEDRVT14_ADDF_V1_0P5)                 0.048      0.443 r
  U226/X (SAEDRVT14_AN2_MM_0P5)                          0.023      0.466 r
  intadd_0_U6/CO (SAEDRVT14_ADDF_V1_0P5)                 0.040      0.506 r
  intadd_0_U5/CO (SAEDRVT14_ADDF_V1_0P5)                 0.042      0.548 r
  intadd_0_U4/CO (SAEDRVT14_ADDF_V1_0P5)                 0.042      0.590 r
  intadd_0_U3/CO (SAEDRVT14_ADDF_V1_0P5)                 0.042      0.632 r
  intadd_0_U2/CO (SAEDRVT14_ADDF_V1_0P5)                 0.043      0.675 r
  U194/X (SAEDRVT14_ND2_CDC_0P5)                         0.022      0.697 f
  U246/X (SAEDRVT14_OA21_1)                              0.020      0.717 f
  O[14] (out)                                            0.004      0.721 f
  data arrival time                                                 0.721

  clock clk (rise edge)                                  1.065      1.065
  clock network delay (ideal)                            0.000      1.065
  clock reconvergence pessimism                          0.000      1.065
  output external delay                                  0.000      1.065
  data required time                                                1.065
  ------------------------------------------------------------------------------
  data required time                                                1.065
  data arrival time                                                -0.721
  ------------------------------------------------------------------------------
  slack (MET)                                                       0.344


1
