****************************************
Report : timing
	-path_type full
	-delay_type max
	-max_paths 1
	-sort_by slack
Design : top
Version: T-2022.03-SP5
Date   : Mon Feb 24 16:31:08 2025
****************************************


  Startpoint: B[3] (input port clocked by clk)
  Endpoint: O[6] (output port clocked by clk)
  Path Group: clk
  Path Type: max

  Point                                    Incr       Path
  ---------------------------------------------------------------
  clock clk (rise edge)                   0.000      0.000
  clock network delay (ideal)             0.000      0.000
  input external delay                    0.000      0.000 f
  B[3] (in)                               0.000      0.000 f
  U30/Y (NAND2xp5_ASAP7_6t_R)            16.442     16.442 r
  U44/Y (INVxp5_ASAP7_6t_R)              22.285     38.726 f
  U45/Y (MAJIxp5_ASAP7_6t_R)             34.855     73.582 r
  U48/Y (MAJIxp5_ASAP7_6t_R)             27.632    101.214 f
  U53/Y (INVxp5_ASAP7_6t_R)              17.080    118.294 r
  U36/Y (AOI22xp25_ASAP7_6t_R)           26.763    145.057 f
  U35/Y (XNOR2xp5_ASAP7_6t_R)            31.882    176.939 f
  O[6] (out)                              0.000    176.939 f
  data arrival time                                176.939

  clock clk (rise edge)                 955.000    955.000
  clock network delay (ideal)             0.000    955.000
  clock reconvergence pessimism           0.000    955.000
  output external delay                   0.000    955.000
  data required time                               955.000
  ---------------------------------------------------------------
  data required time                               955.000
  data arrival time                               -176.939
  ---------------------------------------------------------------
  slack (MET)                                      778.061


1
