****************************************
Report : timing
	-path_type full
	-delay_type max
	-max_paths 1
	-sort_by slack
Design : top
Version: T-2022.03-SP5
Date   : Mon Feb 24 15:15:09 2025
****************************************


  Startpoint: B[6] (input port clocked by clk)
  Endpoint: O[14] (output port clocked by clk)
  Path Group: clk
  Path Type: max

  Point                                                   Incr       Path
  ------------------------------------------------------------------------------
  clock clk (rise edge)                                  0.000      0.000
  clock network delay (ideal)                            0.000      0.000
  input external delay                                   0.000      0.000 f
  B[6] (in)                                              0.000      0.000 f
  U630/Y (NAND2x2_ASAP7_6t_R)                           10.986     10.986 r
  U381/Y (NOR2x2R_ASAP7_6t_R)                            9.849     20.835 f
  U628/Y (NAND2x1_ASAP7_6t_R)                           17.168     38.003 r
  U625/Y (XNOR2xp5f_ASAP7_6t_R)                         29.580     67.583 r
  U669/Y (XNOR2xp5f_ASAP7_6t_R)                         29.271     96.854 r
  U624/Y (XNOR2xp5f_ASAP7_6t_R)                         29.097    125.952 r
  U623/Y (XNOR2xp5f_ASAP7_6t_R)                         28.092    154.044 r
  U620/Y (XNOR2xp5f_ASAP7_6t_R)                         30.752    184.796 r
  U646/Y (NOR2xp5_ASAP7_6t_R)                           22.620    207.416 f
  U411/Y (INVxp5_ASAP7_6t_R)                            15.125    222.541 r
  U609/Y (NAND2xp5R_ASAP7_6t_R)                         12.094    234.634 f
  U608/Y (NAND2xp5R_ASAP7_6t_R)                         12.927    247.561 r
  U367/Y (AOI21x1_ASAP7_6t_R)                           21.254    268.815 f
  U589/Y (OR2x2_ASAP7_6t_R)                             31.021    299.836 f
  U528/Y (NAND2xp5_ASAP7_6t_R)                          20.448    320.283 r
  U768/Y (OAI21xp5_ASAP7_6t_R)                          13.588    333.871 f
  U632/Y (AOI31xp33_ASAP7_6t_R)                         20.688    354.559 r
  U771/Y (XNOR2xp5f_ASAP7_6t_R)                         21.473    376.032 r
  O[14] (out)                                            0.000    376.032 r
  data arrival time                                               376.032

  clock clk (rise edge)                                  0.955      0.955
  clock network delay (ideal)                            0.000      0.955
  clock reconvergence pessimism                          0.000      0.955
  output external delay                                  0.000      0.955
  data required time                                                0.955
  ------------------------------------------------------------------------------
  data required time                                                0.955
  data arrival time                                              -376.032
  ------------------------------------------------------------------------------
  slack (VIOLATED)                                               -375.077


1
