****************************************
Report : timing
	-path_type full
	-delay_type max
	-max_paths 1
	-sort_by slack
Design : top
Version: T-2022.03-SP5
Date   : Mon Feb 24 15:26:26 2025
****************************************


  Startpoint: B[14] (input port clocked by clk)
  Endpoint: O[1] (output port clocked by clk)
  Path Group: clk
  Path Type: max

  Point                                    Incr       Path
  ---------------------------------------------------------------
  clock clk (rise edge)                   0.000      0.000
  clock network delay (ideal)             0.000      0.000
  input external delay                    0.000      0.000 f
  B[14] (in)                              0.000      0.000 f
  U14/ZN (NAND2_X1)                       0.008      0.008 r
  U15/ZN (OAI21_X1)                       0.021      0.030 f
  U16/ZN (NOR2_X1)                        0.022      0.051 r
  U19/ZN (INV_X1)                         0.011      0.062 f
  U20/ZN (NAND2_X1)                       0.010      0.072 r
  U21/S (FA_X1)                           0.046      0.118 f
  O[1] (out)                              0.000      0.118 f
  data arrival time                                  0.118

  clock clk (rise edge)                   1.065      1.065
  clock network delay (ideal)             0.000      1.065
  clock reconvergence pessimism           0.000      1.065
  output external delay                   0.000      1.065
  data required time                                 1.065
  ---------------------------------------------------------------
  data required time                                 1.065
  data arrival time                                 -0.118
  ---------------------------------------------------------------
  slack (MET)                                        0.947


1
