****************************************
Report : timing
	-path_type full
	-delay_type max
	-max_paths 1
	-sort_by slack
Design : top
Version: T-2022.03-SP5
Date   : Mon Feb 24 15:31:01 2025
****************************************


  Startpoint: B[15] (input port clocked by clk)
  Endpoint: O[16] (output port clocked by clk)
  Path Group: clk
  Path Type: max

  Point                                    Incr       Path
  ---------------------------------------------------------------
  clock clk (rise edge)                   0.000      0.000
  clock network delay (ideal)             0.000      0.000
  input external delay                    0.000      0.000 f
  B[15] (in)                              0.000      0.000 f
  U11/ZN (NOR2_X1)                        0.015      0.015 r
  U13/ZN (NOR2_X1)                        0.013      0.028 f
  U15/ZN (AOI21_X1)                       0.016      0.044 r
  U16/ZN (INV_X1)                         0.008      0.052 f
  O[16] (out)                             0.000      0.052 f
  data arrival time                                  0.052

  clock clk (rise edge)                   1.065      1.065
  clock network delay (ideal)             0.000      1.065
  clock reconvergence pessimism           0.000      1.065
  output external delay                   0.000      1.065
  data required time                                 1.065
  ---------------------------------------------------------------
  data required time                                 1.065
  data arrival time                                 -0.052
  ---------------------------------------------------------------
  slack (MET)                                        1.013


1
