****************************************
Report : timing
	-path_type full
	-delay_type max
	-max_paths 1
	-sort_by slack
Design : top
Version: T-2022.03-SP5
Date   : Sun Feb 23 21:25:44 2025
****************************************


  Startpoint: A[7] (input port clocked by clk)
  Endpoint: O[7] (output port clocked by clk)
  Path Group: clk
  Path Type: max

  Point                                    Incr       Path
  ---------------------------------------------------------------
  clock clk (rise edge)                   0.000      0.000
  clock network delay (ideal)             0.000      0.000
  input external delay                    0.000      0.000 f
  A[7] (in)                               0.000      0.000 f
  U16/Y (XNOR2xp5f_ASAP7_6t_R)           18.707     18.707 f
  U17/Y (XOR2xp5r_ASAP7_6t_R)            22.656     41.363 f
  O[7] (out)                              0.000     41.363 f
  data arrival time                                 41.363

  clock clk (rise edge)                   0.000      0.000
  clock network delay (ideal)             0.000      0.000
  clock reconvergence pessimism           0.000      0.000
  output external delay                   0.000      0.000
  data required time                                 0.000
  ---------------------------------------------------------------
  data required time                                 0.000
  data arrival time                                -41.363
  ---------------------------------------------------------------
  slack (VIOLATED)                                 -41.363


1
