****************************************
Report : timing
	-path_type full
	-delay_type max
	-max_paths 1
	-sort_by slack
Design : top
Version: T-2022.03-SP5
Date   : Sun Feb 23 21:28:51 2025
****************************************


  Startpoint: B[7] (input port clocked by clk)
  Endpoint: O[14] (output port clocked by clk)
  Path Group: clk
  Path Type: max

  Point                                    Incr       Path
  ---------------------------------------------------------------
  clock clk (rise edge)                   0.000      0.000
  clock network delay (ideal)             0.000      0.000
  input external delay                    0.000      0.000 r
  B[7] (in)                               0.000      0.000 r
  U15/ZN (INV_X12)                        0.003      0.003 f
  U16/ZN (NOR2_X2)                        0.011      0.014 r
  U17/ZN (OAI22_X1)                       0.015      0.029 f
  U18/ZN (NOR2_X1)                        0.011      0.040 r
  O[14] (out)                             0.000      0.040 r
  data arrival time                                  0.040

  clock clk (rise edge)                   0.000      0.000
  clock network delay (ideal)             0.000      0.000
  clock reconvergence pessimism           0.000      0.000
  output external delay                   0.000      0.000
  data required time                                 0.000
  ---------------------------------------------------------------
  data required time                                 0.000
  data arrival time                                 -0.040
  ---------------------------------------------------------------
  slack (VIOLATED)                                  -0.040


1
