****************************************
Report : timing
	-path_type full
	-delay_type max
	-max_paths 1
	-sort_by slack
Design : top
Version: T-2022.03-SP5
Date   : Sun Feb 23 21:12:14 2025
****************************************


  Startpoint: B[11] (input port clocked by clk)
  Endpoint: O[14] (output port clocked by clk)
  Path Group: clk
  Path Type: max

  Point                                    Incr       Path
  ---------------------------------------------------------------
  clock clk (rise edge)                   0.000      0.000
  clock network delay (ideal)             0.000      0.000
  input external delay                    0.000      0.000 f
  B[11] (in)                              0.000      0.000 f
  U32/ZN (NOR2_X2)                        0.012      0.012 r
  U39/ZN (OAI21_X2)                       0.014      0.026 f
  U40/ZN (AOI21_X2)                       0.019      0.044 r
  U47/ZN (NAND2_X2)                       0.017      0.061 f
  U87/ZN (AOI21_X1)                       0.019      0.080 r
  U89/ZN (XNOR2_X1)                       0.025      0.105 r
  O[14] (out)                             0.000      0.105 r
  data arrival time                                  0.105

  clock clk (rise edge)                   0.000      0.000
  clock network delay (ideal)             0.000      0.000
  clock reconvergence pessimism           0.000      0.000
  output external delay                   0.000      0.000
  data required time                                 0.000
  ---------------------------------------------------------------
  data required time                                 0.000
  data arrival time                                 -0.105
  ---------------------------------------------------------------
  slack (VIOLATED)                                  -0.105


1
