****************************************
Report : timing
	-path_type full
	-delay_type max
	-max_paths 1
	-sort_by slack
Design : top
Version: T-2022.03-SP5
Date   : Tue Feb 25 07:00:06 2025
****************************************


  Startpoint: A[15] (input port clocked by clk)
  Endpoint: O[15] (output port clocked by clk)
  Path Group: clk
  Path Type: max

  Point                                    Incr       Path
  ---------------------------------------------------------------
  clock clk (rise edge)                   0.000      0.000
  clock network delay (ideal)             0.000      0.000
  input external delay                    0.000      0.000 r
  A[15] (in)                              0.000      0.000 r
  U9/Y (OA21X1_RVT)                       0.016      0.016 r
  U12/Y (INVX1_RVT)                       0.020      0.036 f
  U13/Y (AO222X1_RVT)                     0.016      0.051 f
  O[15] (out)                             0.004      0.055 f
  data arrival time                                  0.055

  clock clk (rise edge)                   1.430      1.430
  clock network delay (ideal)             0.000      1.430
  clock reconvergence pessimism           0.000      1.430
  output external delay                   0.000      1.430
  data required time                                 1.430
  ---------------------------------------------------------------
  data required time                                 1.430
  data arrival time                                 -0.055
  ---------------------------------------------------------------
  slack (MET)                                        1.375


1
