****************************************
Report : timing
	-path_type full
	-delay_type max
	-max_paths 1
	-sort_by slack
Design : top
Version: T-2022.03-SP5
Date   : Mon Feb 24 15:21:47 2025
****************************************


  Startpoint: B[7] (input port clocked by clk)
  Endpoint: O[5] (output port clocked by clk)
  Path Group: clk
  Path Type: max

  Point                                    Incr       Path
  ---------------------------------------------------------------
  clock clk (rise edge)                   0.000      0.000
  clock network delay (ideal)             0.000      0.000
  input external delay                    0.000      0.000 f
  B[7] (in)                               0.000      0.000 f
  intadd_1_U5/CO (FA_X1)                  0.101      0.101 f
  intadd_1_U4/CO (FA_X1)                  0.093      0.194 f
  intadd_1_U3/CO (FA_X1)                  0.093      0.287 f
  intadd_1_U2/CO (FA_X1)                  0.094      0.381 f
  intadd_0_U5/CO (FA_X1)                  0.096      0.477 f
  intadd_0_U4/CO (FA_X1)                  0.093      0.570 f
  intadd_0_U3/CO (FA_X1)                  0.093      0.663 f
  intadd_0_U2/S (FA_X1)                   0.129      0.792 r
  O[5] (out)                              0.002      0.794 r
  data arrival time                                  0.794

  clock clk (rise edge)                   2.000      2.000
  clock network delay (ideal)             0.000      2.000
  clock reconvergence pessimism           0.000      2.000
  output external delay                   0.000      2.000
  data required time                                 2.000
  ---------------------------------------------------------------
  data required time                                 2.000
  data arrival time                                 -0.794
  ---------------------------------------------------------------
  slack (MET)                                        1.206


1
