****************************************
Report : timing
	-path_type full
	-delay_type max
	-max_paths 1
	-sort_by slack
Design : top
Version: T-2022.03-SP5
Date   : Mon Feb 24 15:17:23 2025
****************************************


  Startpoint: B[5] (input port clocked by clk)
  Endpoint: O[12] (output port clocked by clk)
  Path Group: clk
  Path Type: max

  Point                                                   Incr       Path
  ------------------------------------------------------------------------------
  clock clk (rise edge)                                  0.000      0.000
  clock network delay (ideal)                            0.000      0.000
  input external delay                                   0.000      0.000 f
  B[5] (in)                                              0.000      0.000 f
  U725/Y (NAND2x2_ASAP7_6t_R)                            9.056      9.056 r
  U723/Y (NOR2x2R_ASAP7_6t_R)                           11.530     20.586 f
  U582/Y (XNOR2xp5f_ASAP7_6t_R)                         22.870     43.455 f
  U382/Y (XNOR2xp5f_ASAP7_6t_R)                         31.491     74.946 f
  U580/Y (XNOR2xp5f_ASAP7_6t_R)                         28.378    103.325 f
  U579/Y (XNOR2xp5f_ASAP7_6t_R)                         32.201    135.525 f
  U615/Y (XNOR2xp5f_ASAP7_6t_R)                         30.734    166.259 f
  U426/Y (OA21x2_ASAP7_6t_R)                            37.827    204.086 f
  U589/Y (NAND2xp5R_ASAP7_6t_R)                         11.906    215.992 r
  U408/Y (OAI21xp5_ASAP7_6t_R)                          17.020    233.013 f
  U600/Y (XNOR2xp5f_ASAP7_6t_R)                         26.351    259.363 f
  U383/Y (XNOR2xp5f_ASAP7_6t_R)                         26.333    285.697 f
  U380/Y (NOR2x1_ASAP7_6t_R)                            16.232    301.928 r
  U390/Y (NAND2xp5R_ASAP7_6t_R)                         17.127    319.055 f
  U379/Y (NAND2x1_ASAP7_6t_R)                           24.119    343.175 r
  U374/Y (NAND3x1_ASAP7_6t_R)                           11.929    355.103 f
  U371/Y (OAI211xp33_ASAP7_6t_R)                        14.179    369.282 r
  O[12] (out)                                            0.000    369.282 r
  data arrival time                                               369.282

  clock clk (rise edge)                                  0.955      0.955
  clock network delay (ideal)                            0.000      0.955
  clock reconvergence pessimism                          0.000      0.955
  output external delay                                  0.000      0.955
  data required time                                                0.955
  ------------------------------------------------------------------------------
  data required time                                                0.955
  data arrival time                                              -369.282
  ------------------------------------------------------------------------------
  slack (VIOLATED)                                               -368.327


1
