****************************************
Report : timing
	-path_type full
	-delay_type max
	-max_paths 1
	-sort_by slack
Design : top
Version: T-2022.03-SP5
Date   : Mon Feb 24 15:25:48 2025
****************************************


  Startpoint: A[5] (input port clocked by clk)
  Endpoint: O[14] (output port clocked by clk)
  Path Group: clk
  Path Type: max

  Point                                                   Incr       Path
  ------------------------------------------------------------------------------
  clock clk (rise edge)                                  0.000      0.000
  clock network delay (ideal)                            0.000      0.000
  input external delay                                   0.000      0.000 f
  A[5] (in)                                              0.000      0.000 f
  U162/Y (AOI22xp5_ASAP7_6t_R)                          16.539     16.539 r
  U155/Y (AOI21x1_ASAP7_6t_R)                           13.779     30.318 f
  U157/Y (XNOR2xp5_ASAP7_6t_R)                          30.718     61.036 f
  U103/Y (XNOR2xp5f_ASAP7_6t_R)                         25.873     86.909 f
  U146/Y (NAND2xp5R_ASAP7_6t_R)                         16.999    103.908 r
  U135/Y (NAND2xp5R_ASAP7_6t_R)                         15.660    119.568 f
  U153/Y (NAND3xp33_ASAP7_6t_R)                         17.513    137.081 r
  U152/Y (NAND2xp5R_ASAP7_6t_R)                         12.740    149.821 f
  U100/Y (NAND2xp5R_ASAP7_6t_R)                         12.385    162.205 r
  U99/Y (OAI21xp5_ASAP7_6t_R)                           15.246    177.451 f
  U104/Y (XNOR2xp5f_ASAP7_6t_R)                         18.999    196.450 f
  O[14] (out)                                            0.000    196.450 f
  data arrival time                                               196.450

  clock clk (rise edge)                                  0.955      0.955
  clock network delay (ideal)                            0.000      0.955
  clock reconvergence pessimism                          0.000      0.955
  output external delay                                  0.000      0.955
  data required time                                                0.955
  ------------------------------------------------------------------------------
  data required time                                                0.955
  data arrival time                                              -196.450
  ------------------------------------------------------------------------------
  slack (VIOLATED)                                               -195.495


1
