****************************************
Report : timing
	-path_type full
	-delay_type max
	-max_paths 1
	-sort_by slack
Design : top
Version: T-2022.03-SP5
Date   : Tue Feb 25 06:52:22 2025
****************************************


  Startpoint: B[4] (input port clocked by clk)
  Endpoint: O[15] (output port clocked by clk)
  Path Group: clk
  Path Type: max

  Point                                    Incr       Path
  ---------------------------------------------------------------
  clock clk (rise edge)                   0.000      0.000
  clock network delay (ideal)             0.000      0.000
  input external delay                    0.000      0.000 r
  B[4] (in)                               0.000      0.000 r
  U16/Y (AND2X1_RVT)                      0.013      0.013 r
  intadd_0_U12/CO (FADDX1_RVT)            0.027      0.040 r
  intadd_0_U11/CO (FADDX1_RVT)            0.027      0.067 r
  intadd_0_U10/CO (FADDX1_RVT)            0.027      0.095 r
  intadd_0_U9/CO (FADDX1_RVT)             0.027      0.122 r
  intadd_0_U8/CO (FADDX1_RVT)             0.027      0.149 r
  intadd_0_U7/CO (FADDX1_RVT)             0.027      0.176 r
  intadd_0_U6/CO (FADDX1_RVT)             0.027      0.203 r
  intadd_0_U5/CO (FADDX1_RVT)             0.027      0.230 r
  intadd_0_U4/CO (FADDX1_RVT)             0.027      0.257 r
  intadd_0_U3/CO (FADDX1_RVT)             0.027      0.285 r
  intadd_0_U2/S (FADDX1_RVT)              0.027      0.312 r
  O[15] (out)                             0.004      0.315 r
  data arrival time                                  0.315

  clock clk (rise edge)                   1.430      1.430
  clock network delay (ideal)             0.000      1.430
  clock reconvergence pessimism           0.000      1.430
  output external delay                   0.000      1.430
  data required time                                 1.430
  ---------------------------------------------------------------
  data required time                                 1.430
  data arrival time                                 -0.315
  ---------------------------------------------------------------
  slack (MET)                                        1.115


1
